// Jest Snapshot v1, https://goo.gl/fbAQLP

exports[`ArticleListItem tests renders correctly 1`] = `
<div>
  <img
    alt="ArticleListItem.jsx:6 The Statue of Liberty's torch heads to new museum"
    class="Image"
    src="https://cdn.cnn.com/cnnnext/dam/assets/181122102925-statue-of-liberty-crown-super-169.jpg"
  />
</div>
`;
